"12/12","01230123","01230123","200,00"
"12/12","TELECOM","127538228","-29,99"
